// Jest Snapshot v1, https://goo.gl/fbAQLP

exports[`matches snapshot 1`] = `
<DocumentFragment>
  <div
    class="LoadingSpinner"
  >
    <img
      alt="spinner"
      src="spinner.gif"
      width="150px"
    />
  </div>
</DocumentFragment>
`;

exports[`matches snapshot with no quotes 1`] = `
<DocumentFragment>
  <div
    class="LoadingSpinner"
  >
    <img
      alt="spinner"
      src="spinner.gif"
      width="150px"
    />
  </div>
</DocumentFragment>
`;
